// Jest Snapshot v1, https://goo.gl/fbAQLP

exports[`Prueba en: <GifGridItem /> Debe de mostrar el contenido correctamente  1`] = `
<div
  className="card animate__animated animate__fadeIn"
>
  <img
    alt="Prueba"
    src="https://media0.giphy.com/media/sEULHciNa7tUQ/giphy.gif?cid=ccfe99e00iom4cwxm6skphpn0b6h98tzsqqy3wgl7s8isrhc&rid=giphy.gif"
    title="Prueba"
  />
  <p>
    Prueba
  </p>
</div>
`;
